../Core/Src/main.c:103:6:GSM_Debug_Print	16	static
../Core/Src/main.c:108:6:GSM_SendCommand	24	static
../Core/Src/main.c:122:6:Config_Init	8	static
../Core/Src/main.c:130:6:Read_ADC	56	static
../Core/Src/main.c:160:6:gsm_get_time_from_module	80	static
../Core/Src/main.c:178:6:gsm_get_imei	152	static
../Core/Src/main.c:206:5:gsm_get_battery_voltage	96	static
../Core/Src/main.c:225:5:signal_strength	88	static
../Core/Src/main.c:247:6:Create_JSON_String	96	static
../Core/Src/main.c:286:6:init	520	static
../Core/Src/main.c:316:6:GPRS_Send_JSON	840	static
../Core/Src/main.c:412:6:Send_Test_SMS	264	static
../Core/Src/main.c:449:5:main	8	static
../Core/Src/main.c:509:6:SystemClock_Config	96	static
../Core/Src/main.c:559:13:MX_ADC1_Init	48	static
../Core/Src/main.c:626:13:MX_I2C1_Init	8	static
../Core/Src/main.c:674:13:MX_TIM2_Init	40	static
../Core/Src/main.c:719:13:MX_UART4_Init	8	static
../Core/Src/main.c:754:13:MX_USART1_UART_Init	8	static
../Core/Src/main.c:789:13:MX_GPIO_Init	24	static
../Core/Src/main.c:811:6:Error_Handler	4	static,ignoring_inline_asm
