../Core/Src/motor.c:16:9:calculateCRC	24	static
../Core/Src/motor.c:38:6:TMC2226_WriteRegister	16	static
../Core/Src/motor.c:57:10:TMC2226_ReadRegister	32	static
../Core/Src/motor.c:111:6:TMC2226_OTP	16	static
../Core/Src/motor.c:121:6:TMC2226_Init	24	static
../Core/Src/motor.c:184:6:TMC2226_SetCurrent	24	static
../Core/Src/motor.c:204:6:setupMotor	8	static
../Core/Src/motor.c:245:6:setupdelaytimer	8	static
../Core/Src/motor.c:250:6:setuplamp	8	static
../Core/Src/motor.c:262:6:setMicrostepping	16	static
../Core/Src/motor.c:286:6:enableStealthMode	8	static
../Core/Src/motor.c:293:6:enablespreadcyclemode	8	static
../Core/Src/motor.c:300:6:rotateMotor	24	static
../Core/Src/motor.c:326:6:homePosition	16	static
../Core/Src/motor.c:414:10:readLampCurrentRaw	16	static
../Core/Src/motor.c:428:10:readLampCurrentRawAverage	24	static
../Core/Src/motor.c:450:7:readLampCurrent	24	static
../Core/Src/motor.c:470:6:microsecond_delay	16	static
