../Core/Src/main.c:108:6:GSM_Debug_Print	16	static
../Core/Src/main.c:113:6:GSM_SendCommand	24	static
../Core/Src/main.c:127:6:Config_Init	8	static
../Core/Src/main.c:135:6:Read_ADC	56	static
../Core/Src/main.c:165:6:gsm_get_time_from_module	80	static
../Core/Src/main.c:183:6:gsm_get_imei	152	static
../Core/Src/main.c:211:5:gsm_get_battery_voltage	96	static
../Core/Src/main.c:230:5:signal_strength	88	static
../Core/Src/main.c:252:6:Create_JSON_String	96	static
../Core/Src/main.c:291:6:GPRS_Send_JSON	848	static
../Core/Src/main.c:376:6:Check_Incoming_SMS	520	static
../Core/Src/main.c:395:6:Parse_SMS_Messages	24	static
../Core/Src/main.c:424:5:Extract_IP_Port_From_SMS	152	static
../Core/Src/main.c:470:5:main	8	static
../Core/Src/main.c:530:6:SystemClock_Config	96	static
../Core/Src/main.c:580:13:MX_ADC1_Init	48	static
../Core/Src/main.c:647:13:MX_I2C1_Init	8	static
../Core/Src/main.c:695:13:MX_TIM2_Init	40	static
../Core/Src/main.c:740:13:MX_UART4_Init	8	static
../Core/Src/main.c:775:13:MX_USART1_UART_Init	8	static
../Core/Src/main.c:810:13:MX_GPIO_Init	24	static
../Core/Src/main.c:832:6:Error_Handler	4	static,ignoring_inline_asm
